2026-02-19 18:28:26 [restartedMain] INFO  [] f.g.c.s.S4CovoitMobileApplication - Starting S4CovoitMobileApplication using Java 25 with PID 22064 (C:\1_Work\Soutenances\S4\S4_CovoitMobile\target\classes started by cdax22 in C:\1_Work\Soutenances\S4\S4_CovoitMobile)
2026-02-19 18:28:26 [restartedMain] INFO  [] f.g.c.s.S4CovoitMobileApplication - No active profile set, falling back to 1 default profile: "default"
2026-02-19 18:28:26 [restartedMain] INFO  [] o.s.b.d.e.DevToolsPropertyDefaultsPostProcessor - Devtools property defaults active! Set 'spring.devtools.add-properties' to 'false' to disable
2026-02-19 18:28:26 [restartedMain] INFO  [] o.s.b.d.e.DevToolsPropertyDefaultsPostProcessor - For additional web related logging consider setting the 'logging.level.web' property to 'DEBUG'
2026-02-19 18:28:26 [restartedMain] INFO  [] o.s.b.d.c.l.DockerComposeLifecycleManager - Using Docker Compose file C:\1_Work\Soutenances\S4\S4_CovoitMobile\compose.yaml
2026-02-19 18:28:27 [OutputReader-stderr] INFO  [] o.s.b.docker.compose.core.DockerCli -  Container covoit-db Starting 
2026-02-19 18:28:28 [OutputReader-stderr] INFO  [] o.s.b.docker.compose.core.DockerCli -  Container covoit-db Started 
2026-02-19 18:28:28 [OutputReader-stderr] INFO  [] o.s.b.docker.compose.core.DockerCli -  Container covoit-pgadmin Starting 
2026-02-19 18:28:28 [OutputReader-stderr] INFO  [] o.s.b.docker.compose.core.DockerCli -  Container covoit-pgadmin Started 
2026-02-19 18:28:28 [OutputReader-stderr] INFO  [] o.s.b.docker.compose.core.DockerCli -  Container covoit-pgadmin Waiting 
2026-02-19 18:28:28 [OutputReader-stderr] INFO  [] o.s.b.docker.compose.core.DockerCli -  Container covoit-db Waiting 
2026-02-19 18:28:28 [OutputReader-stderr] INFO  [] o.s.b.docker.compose.core.DockerCli -  Container covoit-pgadmin Healthy 
2026-02-19 18:28:28 [OutputReader-stderr] INFO  [] o.s.b.docker.compose.core.DockerCli -  Container covoit-db Healthy 
2026-02-19 18:28:43 [restartedMain] INFO  [] o.s.d.r.c.RepositoryConfigurationDelegate - Bootstrapping Spring Data JPA repositories in DEFAULT mode.
2026-02-19 18:28:44 [restartedMain] INFO  [] o.s.d.r.c.RepositoryConfigurationDelegate - Finished Spring Data repository scanning in 76 ms. Found 4 JPA repository interfaces.
2026-02-19 18:28:44 [restartedMain] INFO  [] o.s.boot.tomcat.TomcatWebServer - Tomcat initialized with port 8080 (http)
2026-02-19 18:28:44 [restartedMain] INFO  [] o.a.catalina.core.StandardService - Starting service [Tomcat]
2026-02-19 18:28:44 [restartedMain] INFO  [] o.a.catalina.core.StandardEngine - Starting Servlet engine: [Apache Tomcat/11.0.15]
2026-02-19 18:28:44 [restartedMain] INFO  [] o.s.b.w.c.s.WebApplicationContextInitializer - Root WebApplicationContext: initialization completed in 1756 ms
2026-02-19 18:28:45 [restartedMain] INFO  [] org.hibernate.orm.jpa - HHH008540: Processing PersistenceUnitInfo [name: default]
2026-02-19 18:28:45 [restartedMain] INFO  [] org.hibernate.orm.core - HHH000001: Hibernate ORM core version 7.2.1.Final
2026-02-19 18:28:45 [restartedMain] INFO  [] o.s.o.j.p.SpringPersistenceUnitInfo - No LoadTimeWeaver setup: ignoring JPA class transformer
2026-02-19 18:28:45 [restartedMain] INFO  [] com.zaxxer.hikari.HikariDataSource - HikariPool-1 - Starting...
2026-02-19 18:28:45 [restartedMain] INFO  [] com.zaxxer.hikari.pool.HikariPool - HikariPool-1 - Added connection org.postgresql.jdbc.PgConnection@48483318
2026-02-19 18:28:45 [restartedMain] INFO  [] com.zaxxer.hikari.HikariDataSource - HikariPool-1 - Start completed.
2026-02-19 18:28:46 [restartedMain] WARN  [] org.hibernate.orm.deprecation - HHH90000025: PostgreSQLDialect does not need to be specified explicitly using 'hibernate.dialect' (remove the property setting and it will be selected by default)
2026-02-19 18:28:46 [restartedMain] INFO  [] o.hibernate.orm.connections.pooling - HHH10001005: Database info:
	Database JDBC URL [jdbc:postgresql://127.0.0.1:5432/covoit_db?ApplicationName=S4_CovoitMobile]
	Database driver: PostgreSQL JDBC Driver
	Database dialect: PostgreSQLDialect
	Database version: 15.15
	Default catalog/schema: covoit_db/public
	Autocommit mode: undefined/unknown
	Isolation level: READ_COMMITTED [default READ_COMMITTED]
	JDBC fetch size: none
	Pool: DataSourceConnectionProvider
	Minimum pool size: undefined/unknown
	Maximum pool size: undefined/unknown
2026-02-19 18:28:47 [restartedMain] INFO  [] org.hibernate.orm.core - HHH000489: No JTA platform available (set 'hibernate.transaction.jta.platform' to enable JTA platform integration)
2026-02-19 18:28:47 [restartedMain] INFO  [] o.s.o.j.LocalContainerEntityManagerFactoryBean - Initialized JPA EntityManagerFactory for persistence unit 'default'
2026-02-19 18:28:47 [restartedMain] INFO  [] o.s.d.j.r.q.QueryEnhancerFactories - Hibernate is in classpath; If applicable, HQL parser will be used.
2026-02-19 18:28:48 [restartedMain] INFO  [] o.s.s.c.a.a.c.InitializeAuthenticationProviderBeanManagerConfigurer$InitializeAuthenticationProviderManagerConfigurer - Global AuthenticationManager configured with AuthenticationProvider bean with name authenticationProvider
2026-02-19 18:28:48 [restartedMain] WARN  [] o.s.s.c.a.a.c.InitializeUserDetailsBeanManagerConfigurer$InitializeUserDetailsManagerConfigurer - Global AuthenticationManager configured with an AuthenticationProvider bean. UserDetailsService beans will not be used by Spring Security for automatically configuring username/password login. Consider removing the AuthenticationProvider bean. Alternatively, consider using the UserDetailsService in a manually instantiated DaoAuthenticationProvider. If the current configuration is intentional, to turn off this warning, increase the logging level of 'org.springframework.security.config.annotation.authentication.configuration.InitializeUserDetailsBeanManagerConfigurer' to ERROR
2026-02-19 18:28:48 [restartedMain] WARN  [] o.s.b.j.a.JpaBaseConfiguration$JpaWebConfiguration - spring.jpa.open-in-view is enabled by default. Therefore, database queries may be performed during view rendering. Explicitly configure spring.jpa.open-in-view to disable this warning
2026-02-19 18:28:49 [restartedMain] INFO  [] o.s.boot.tomcat.TomcatWebServer - Tomcat started on port 8080 (http) with context path '/'
2026-02-19 18:28:49 [restartedMain] INFO  [] f.g.c.s.S4CovoitMobileApplication - Started S4CovoitMobileApplication in 23.209 seconds (process running for 24.515)
2026-02-19 18:28:59 [http-nio-8080-exec-1] INFO  [] o.a.c.c.C.[Tomcat].[localhost].[/] - Initializing Spring DispatcherServlet 'dispatcherServlet'
2026-02-19 18:28:59 [http-nio-8080-exec-1] INFO  [] o.s.web.servlet.DispatcherServlet - Initializing Servlet 'dispatcherServlet'
2026-02-19 18:28:59 [http-nio-8080-exec-1] INFO  [] o.s.web.servlet.DispatcherServlet - Completed initialization in 6 ms
2026-02-19 18:29:01 [http-nio-8080-exec-1] INFO  [] f.g.c.s.aspects.LoggingAspect - [Anonymous] call methods : fr.greta.cda.s4_covoitmobile.services.RefreshTokenService.createRefreshToken() with args : [1]
2026-02-19 18:29:01 [http-nio-8080-exec-1] INFO  [] f.g.c.s.aspects.LoggingAspect - [Anonymous] end method call : fr.greta.cda.s4_covoitmobile.services.RefreshTokenService.createRefreshToken(), execution time = 152ms
2026-02-19 18:30:32 [SpringApplicationShutdownHook] INFO  [] o.s.boot.tomcat.GracefulShutdown - Commencing graceful shutdown. Waiting for active requests to complete
2026-02-19 18:30:32 [tomcat-shutdown] INFO  [] o.s.boot.tomcat.GracefulShutdown - Graceful shutdown complete
2026-02-19 18:30:32 [SpringApplicationShutdownHook] INFO  [] o.s.o.j.LocalContainerEntityManagerFactoryBean - Closing JPA EntityManagerFactory for persistence unit 'default'
2026-02-19 18:30:32 [SpringApplicationShutdownHook] INFO  [] com.zaxxer.hikari.HikariDataSource - HikariPool-1 - Shutdown initiated...
2026-02-19 18:30:32 [SpringApplicationShutdownHook] INFO  [] com.zaxxer.hikari.HikariDataSource - HikariPool-1 - Shutdown completed.
2026-02-19 18:31:43 [restartedMain] INFO  [] f.g.c.s.S4CovoitMobileApplication - Starting S4CovoitMobileApplication using Java 25 with PID 26356 (C:\1_Work\Soutenances\S4\S4_CovoitMobile\target\classes started by cdax22 in C:\1_Work\Soutenances\S4\S4_CovoitMobile)
2026-02-19 18:31:43 [restartedMain] INFO  [] f.g.c.s.S4CovoitMobileApplication - No active profile set, falling back to 1 default profile: "default"
2026-02-19 18:31:43 [restartedMain] INFO  [] o.s.b.d.e.DevToolsPropertyDefaultsPostProcessor - Devtools property defaults active! Set 'spring.devtools.add-properties' to 'false' to disable
2026-02-19 18:31:43 [restartedMain] INFO  [] o.s.b.d.e.DevToolsPropertyDefaultsPostProcessor - For additional web related logging consider setting the 'logging.level.web' property to 'DEBUG'
2026-02-19 18:31:43 [restartedMain] INFO  [] o.s.b.d.c.l.DockerComposeLifecycleManager - Using Docker Compose file C:\1_Work\Soutenances\S4\S4_CovoitMobile\compose.yaml
2026-02-19 18:31:44 [OutputReader-stderr] INFO  [] o.s.b.docker.compose.core.DockerCli -  Container covoit-db Starting 
2026-02-19 18:31:44 [OutputReader-stderr] INFO  [] o.s.b.docker.compose.core.DockerCli -  Container covoit-db Started 
2026-02-19 18:31:44 [OutputReader-stderr] INFO  [] o.s.b.docker.compose.core.DockerCli -  Container covoit-pgadmin Starting 
2026-02-19 18:31:45 [OutputReader-stderr] INFO  [] o.s.b.docker.compose.core.DockerCli -  Container covoit-pgadmin Started 
2026-02-19 18:31:45 [OutputReader-stderr] INFO  [] o.s.b.docker.compose.core.DockerCli -  Container covoit-pgadmin Waiting 
2026-02-19 18:31:45 [OutputReader-stderr] INFO  [] o.s.b.docker.compose.core.DockerCli -  Container covoit-db Waiting 
2026-02-19 18:31:45 [OutputReader-stderr] INFO  [] o.s.b.docker.compose.core.DockerCli -  Container covoit-db Healthy 
2026-02-19 18:31:45 [OutputReader-stderr] INFO  [] o.s.b.docker.compose.core.DockerCli -  Container covoit-pgadmin Healthy 
2026-02-19 18:31:59 [restartedMain] INFO  [] o.s.d.r.c.RepositoryConfigurationDelegate - Bootstrapping Spring Data JPA repositories in DEFAULT mode.
2026-02-19 18:31:59 [restartedMain] INFO  [] o.s.d.r.c.RepositoryConfigurationDelegate - Finished Spring Data repository scanning in 70 ms. Found 4 JPA repository interfaces.
2026-02-19 18:32:00 [restartedMain] INFO  [] o.s.boot.tomcat.TomcatWebServer - Tomcat initialized with port 8080 (http)
2026-02-19 18:32:00 [restartedMain] INFO  [] o.a.catalina.core.StandardService - Starting service [Tomcat]
2026-02-19 18:32:00 [restartedMain] INFO  [] o.a.catalina.core.StandardEngine - Starting Servlet engine: [Apache Tomcat/11.0.15]
2026-02-19 18:32:00 [restartedMain] INFO  [] o.s.b.w.c.s.WebApplicationContextInitializer - Root WebApplicationContext: initialization completed in 1798 ms
2026-02-19 18:32:00 [restartedMain] INFO  [] org.hibernate.orm.jpa - HHH008540: Processing PersistenceUnitInfo [name: default]
2026-02-19 18:32:00 [restartedMain] INFO  [] org.hibernate.orm.core - HHH000001: Hibernate ORM core version 7.2.1.Final
2026-02-19 18:32:01 [restartedMain] INFO  [] o.s.o.j.p.SpringPersistenceUnitInfo - No LoadTimeWeaver setup: ignoring JPA class transformer
2026-02-19 18:32:01 [restartedMain] INFO  [] com.zaxxer.hikari.HikariDataSource - HikariPool-1 - Starting...
2026-02-19 18:32:01 [restartedMain] INFO  [] com.zaxxer.hikari.pool.HikariPool - HikariPool-1 - Added connection org.postgresql.jdbc.PgConnection@308ccb19
2026-02-19 18:32:01 [restartedMain] INFO  [] com.zaxxer.hikari.HikariDataSource - HikariPool-1 - Start completed.
2026-02-19 18:32:01 [restartedMain] WARN  [] org.hibernate.orm.deprecation - HHH90000025: PostgreSQLDialect does not need to be specified explicitly using 'hibernate.dialect' (remove the property setting and it will be selected by default)
2026-02-19 18:32:01 [restartedMain] INFO  [] o.hibernate.orm.connections.pooling - HHH10001005: Database info:
	Database JDBC URL [jdbc:postgresql://127.0.0.1:5432/covoit_db?ApplicationName=S4_CovoitMobile]
	Database driver: PostgreSQL JDBC Driver
	Database dialect: PostgreSQLDialect
	Database version: 15.15
	Default catalog/schema: covoit_db/public
	Autocommit mode: undefined/unknown
	Isolation level: READ_COMMITTED [default READ_COMMITTED]
	JDBC fetch size: none
	Pool: DataSourceConnectionProvider
	Minimum pool size: undefined/unknown
	Maximum pool size: undefined/unknown
2026-02-19 18:32:02 [restartedMain] INFO  [] org.hibernate.orm.core - HHH000489: No JTA platform available (set 'hibernate.transaction.jta.platform' to enable JTA platform integration)
2026-02-19 18:32:03 [restartedMain] INFO  [] o.s.o.j.LocalContainerEntityManagerFactoryBean - Initialized JPA EntityManagerFactory for persistence unit 'default'
2026-02-19 18:32:03 [restartedMain] INFO  [] o.s.d.j.r.q.QueryEnhancerFactories - Hibernate is in classpath; If applicable, HQL parser will be used.
2026-02-19 18:32:03 [restartedMain] INFO  [] o.s.s.c.a.a.c.InitializeAuthenticationProviderBeanManagerConfigurer$InitializeAuthenticationProviderManagerConfigurer - Global AuthenticationManager configured with AuthenticationProvider bean with name authenticationProvider
2026-02-19 18:32:03 [restartedMain] WARN  [] o.s.s.c.a.a.c.InitializeUserDetailsBeanManagerConfigurer$InitializeUserDetailsManagerConfigurer - Global AuthenticationManager configured with an AuthenticationProvider bean. UserDetailsService beans will not be used by Spring Security for automatically configuring username/password login. Consider removing the AuthenticationProvider bean. Alternatively, consider using the UserDetailsService in a manually instantiated DaoAuthenticationProvider. If the current configuration is intentional, to turn off this warning, increase the logging level of 'org.springframework.security.config.annotation.authentication.configuration.InitializeUserDetailsBeanManagerConfigurer' to ERROR
2026-02-19 18:32:03 [restartedMain] WARN  [] o.s.b.j.a.JpaBaseConfiguration$JpaWebConfiguration - spring.jpa.open-in-view is enabled by default. Therefore, database queries may be performed during view rendering. Explicitly configure spring.jpa.open-in-view to disable this warning
2026-02-19 18:32:04 [restartedMain] INFO  [] o.s.boot.tomcat.TomcatWebServer - Tomcat started on port 8080 (http) with context path '/'
2026-02-19 18:32:04 [restartedMain] INFO  [] f.g.c.s.S4CovoitMobileApplication - Started S4CovoitMobileApplication in 21.865 seconds (process running for 23.073)
2026-02-19 18:32:11 [http-nio-8080-exec-2] INFO  [] o.a.c.c.C.[Tomcat].[localhost].[/] - Initializing Spring DispatcherServlet 'dispatcherServlet'
2026-02-19 18:32:11 [http-nio-8080-exec-2] INFO  [] o.s.web.servlet.DispatcherServlet - Initializing Servlet 'dispatcherServlet'
2026-02-19 18:32:11 [http-nio-8080-exec-2] INFO  [] o.s.web.servlet.DispatcherServlet - Completed initialization in 2 ms
2026-02-19 18:32:12 [http-nio-8080-exec-2] INFO  [] f.g.c.s.aspects.LoggingAspect - [Anonymous] call methods : fr.greta.cda.s4_covoitmobile.services.RefreshTokenService.createRefreshToken() with args : [1]
2026-02-19 18:32:12 [http-nio-8080-exec-2] INFO  [] f.g.c.s.aspects.LoggingAspect - [Anonymous] end method call : fr.greta.cda.s4_covoitmobile.services.RefreshTokenService.createRefreshToken(), execution time = 95ms
2026-02-19 18:32:24 [http-nio-8080-exec-3] INFO  [1] f.g.c.s.aspects.LoggingAspect - [User:1] call methods : fr.greta.cda.s4_covoitmobile.services.UserService.test() with args : []
2026-02-19 18:32:24 [http-nio-8080-exec-3] INFO  [1] f.g.c.s.aspects.LoggingAspect - [User:1] end method call : fr.greta.cda.s4_covoitmobile.services.UserService.test(), execution time = 0ms
2026-02-19 18:32:35 [SpringApplicationShutdownHook] INFO  [] o.s.boot.tomcat.GracefulShutdown - Commencing graceful shutdown. Waiting for active requests to complete
2026-02-19 18:32:35 [tomcat-shutdown] INFO  [] o.s.boot.tomcat.GracefulShutdown - Graceful shutdown complete
2026-02-19 18:32:35 [SpringApplicationShutdownHook] INFO  [] o.s.o.j.LocalContainerEntityManagerFactoryBean - Closing JPA EntityManagerFactory for persistence unit 'default'
2026-02-19 18:32:35 [SpringApplicationShutdownHook] INFO  [] com.zaxxer.hikari.HikariDataSource - HikariPool-1 - Shutdown initiated...
2026-02-19 18:32:35 [SpringApplicationShutdownHook] INFO  [] com.zaxxer.hikari.HikariDataSource - HikariPool-1 - Shutdown completed.
